// Jest Snapshot v1, https://goo.gl/fbAQLP

exports[`ProductList Container Must return products list 1`] = `
<DocumentFragment>
  <div
    class="container-fluid"
  >
    <div
      class="row"
    >
      <div
        class="col"
      >
        <div
          class="card"
        >
          <img
            alt="Product Image"
            class="card-img"
            src="https://cdn.shopify.com/s/files/1/0011/7312/7180/products/jpeg-jpeg01-t-shirt-tshirt-clothing-black-cyberpunk-goth-geek-cult-23-keep-it-url-1.jpg?v=1581498404"
          />
          <div
            class="card-body"
          >
            <div
              class="card-title"
            >
              Football
            </div>
            <p
              class="card-text"
            >
              $49.99
            </p>
          </div>
        </div>
      </div>
      <div
        class="col"
      >
        <div
          class="card"
        >
          <img
            alt="Product Image"
            class="card-img"
            src="https://cdn.shopify.com/s/files/1/0011/7312/7180/products/jpeg-jpeg01-t-shirt-tshirt-clothing-black-cyberpunk-goth-geek-cult-23-keep-it-url-1.jpg?v=1581498404"
          />
          <div
            class="card-body"
          >
            <div
              class="card-title"
            >
              Baseball
            </div>
            <p
              class="card-text"
            >
              $9.99
            </p>
          </div>
        </div>
      </div>
      <div
        class="col"
      >
        <div
          class="card"
        >
          <img
            alt="Product Image"
            class="card-img"
            src="https://cdn.shopify.com/s/files/1/0011/7312/7180/products/jpeg-jpeg01-t-shirt-tshirt-clothing-black-cyberpunk-goth-geek-cult-23-keep-it-url-1.jpg?v=1581498404"
          />
          <div
            class="card-body"
          >
            <div
              class="card-title"
            >
              Basketball
            </div>
            <p
              class="card-text"
            >
              $29.99
            </p>
          </div>
        </div>
      </div>
    </div>
    <div
      class="row"
    >
      <div
        class="col"
      >
        <div
          class="card"
        >
          <img
            alt="Product Image"
            class="card-img"
            src="https://cdn.shopify.com/s/files/1/0011/7312/7180/products/jpeg-jpeg01-t-shirt-tshirt-clothing-black-cyberpunk-goth-geek-cult-23-keep-it-url-1.jpg?v=1581498404"
          />
          <div
            class="card-body"
          >
            <div
              class="card-title"
            >
              iPod Touch
            </div>
            <p
              class="card-text"
            >
              $99.99
            </p>
          </div>
        </div>
      </div>
      <div
        class="col"
      >
        <div
          class="card"
        >
          <img
            alt="Product Image"
            class="card-img"
            src="https://cdn.shopify.com/s/files/1/0011/7312/7180/products/jpeg-jpeg01-t-shirt-tshirt-clothing-black-cyberpunk-goth-geek-cult-23-keep-it-url-1.jpg?v=1581498404"
          />
          <div
            class="card-body"
          >
            <div
              class="card-title"
            >
              iPhone 5
            </div>
            <p
              class="card-text"
            >
              $399.99
            </p>
          </div>
        </div>
      </div>
    </div>
  </div>
</DocumentFragment>
`;
