// Jest Snapshot v1, https://goo.gl/fbAQLP

exports[`NavItem Component Must return Nav Item 1`] = `
<DocumentFragment>
  <li
    class="nav-item"
  >
    <a
      class="nav-link"
      href="/"
    >
      <img
        alt="img"
        class="rounded-circle"
        src="https://cdn.pixabay.com/photo/2015/10/05/22/37/blank-profile-picture-973460_1280.png"
        style="width: 70px;"
      />
    </a>
  </li>
</DocumentFragment>
`;
