// Jest Snapshot v1, https://goo.gl/fbAQLP

exports[`RegistrationForm Component Must return RegistrationForm Component 1`] = `
<DocumentFragment>
  <h3>
    Register
  </h3>
  <hr />
  <form
    class=""
  >
    <div
      class="form-group"
    >
      <label
        class=""
        for="exampleEmail"
      >
        Email
      </label>
      <input
        class="form-control"
        name="email"
        placeholder="example@company.com"
        type="email"
        value=""
      />
      <div
        class="invalid-feedback"
      />
    </div>
    <div
      class="form-group"
    >
      <label
        class=""
        for="examplePassword"
      >
        Password
      </label>
      <input
        class="form-control"
        name="password"
        placeholder="password"
        type="password"
        value=""
      />
      <div
        class="invalid-feedback"
      />
    </div>
    <div
      class="form-group"
    >
      <label
        class=""
        for="exampleFirstName"
      >
        First Name
      </label>
      <input
        class="form-control"
        name="firstname"
        placeholder="John"
        type="firstname"
        value=""
      />
      <div
        class="invalid-feedback"
      />
    </div>
    <div
      class="form-group"
    >
      <label
        class=""
        for="exampleLastName"
      >
        Last Name
      </label>
      <input
        class="form-control"
        name="lastname"
        placeholder="Doe"
        type="lastname"
        value=""
      />
      <div
        class="invalid-feedback"
      />
    </div>
    <div
      class="form-group"
    >
      <label
        class=""
        for="exampleCountry"
      >
        Country
      </label>
      <input
        class="form-control"
        name="country"
        placeholder=""
        type="country"
        value=""
      />
      <div
        class="invalid-feedback"
      />
    </div>
    <div
      class="form-group"
    >
      <label
        class=""
        for="exampleState"
      >
        State
      </label>
      <input
        class="form-control"
        name="state"
        placeholder=""
        type="state"
        value=""
      />
      <div
        class="invalid-feedback"
      />
    </div>
    <div
      class="form-group"
    >
      <label
        class=""
        for="exampleCity"
      >
        City
      </label>
      <input
        class="form-control"
        name="city"
        placeholder=""
        type="city"
        value=""
      />
      <div
        class="invalid-feedback"
      />
    </div>
    <div
      class="form-group"
    >
      <label
        class=""
        for="exampleAddress"
      >
        Address
      </label>
      <input
        class="form-control"
        name="address"
        placeholder=""
        type="address"
        value=""
      />
      <div
        class="invalid-feedback"
      />
    </div>
    <button
      class="btn btn-secondary"
    >
      Submit
    </button>
  </form>
  <h6>
    <br />
    Already registered? login
  </h6>
</DocumentFragment>
`;
